../Core/Src/main.c:83:6:HAL_GPIO_EXTI_Callback	16	static
../Core/Src/main.c:89:6:myprintf	16	static
../Core/Src/main.c:104:5:main	1344	static
../Core/Src/main.c:324:6:SystemClock_Config	96	static
../Core/Src/main.c:374:13:MX_I2C1_Init	8	static
../Core/Src/main.c:422:13:MX_SPI2_Init	8	static
../Core/Src/main.c:462:13:MX_SPI3_Init	8	static
../Core/Src/main.c:502:13:MX_USART2_UART_Init	8	static
../Core/Src/main.c:537:13:MX_GPIO_Init	48	static
../Core/Src/main.c:581:6:Error_Handler	4	static,ignoring_inline_asm
